// Jest Snapshot v1, https://goo.gl/fbAQLP

exports[`<BuildingItem /> Should render BuildingItem and match the snapshot 1`] = `
<View
  style={
    Object {
      "alignItems": "center",
      "justifyContent": "center",
      "paddingVertical": 10,
      "width": 250,
    }
  }
>
  <View
    accessible={true}
    focusable={true}
    isTVSelectable={true}
    onClick={[Function]}
    onResponderGrant={[Function]}
    onResponderMove={[Function]}
    onResponderRelease={[Function]}
    onResponderTerminate={[Function]}
    onResponderTerminationRequest={[Function]}
    onStartShouldSetResponder={[Function]}
    style={null}
  >
    <Image
      source={1}
      style={
        Object {
          "height": "auto",
          "maxHeight": 200,
          "maxWidth": 200,
          "minHeight": 70,
          "minWidth": 70,
          "width": "auto",
        }
      }
    />
  </View>
  <Text
    style={
      Object {
        "fontSize": 15,
        "lineHeight": 20,
      }
    }
  >
    test type
  </Text>
  <Text
    style={
      Object {
        "fontSize": 15,
        "lineHeight": 20,
      }
    }
  >
    Level 1
  </Text>
</View>
`;
