// Jest Snapshot v1, https://goo.gl/fbAQLP

exports[`<Buildings /> Should render buildings and match the snapshot 1`] = `
<View
  style={
    Object {
      "alignItems": "center",
      "flex": 1,
      "justifyContent": "center",
    }
  }
>
  <CardView
    style={
      Object {
        "flexDirection": "row",
      }
    }
  >
    <Unknown
      icon={1}
      onPress={[Function]}
      type="Farm"
    />
    <Unknown
      icon={1}
      onPress={[Function]}
      type="Mine"
    />
    <Unknown
      icon={1}
      onPress={[Function]}
      type="Academy"
    />
  </CardView>
  <CardView
    style={
      Object {
        "flex": 1,
        "flexDirection": "row",
      }
    }
  >
    <ScrollViewMock
      bounces={true}
      contentContainerStyle={
        Object {
          "flexDirection": "row",
          "flexWrap": "wrap",
          "justifyContent": "space-around",
        }
      }
    >
      <Unknown
        getIconImage={[Function]}
        level={1}
        onPress={[Function]}
        type="Townhall"
      />
      <Unknown
        getIconImage={[Function]}
        level={1}
        onPress={[Function]}
        type="Academy"
      />
      <Unknown
        getIconImage={[Function]}
        level={1}
        onPress={[Function]}
        type="Farm"
      />
      <Unknown
        getIconImage={[Function]}
        level={1}
        onPress={[Function]}
        type="Mine"
      />
    </ScrollViewMock>
  </CardView>
</View>
`;

exports[`<Buildings /> Should render error and match the snapshot 1`] = `
<ErrorPopup
  message="Oops, test error"
  title="System Error"
/>
`;

exports[`<Buildings /> Should render loading and match the snapshot 1`] = `
<ActivityIndicator
  animating={true}
  color="#10978b"
  hidesWhenStopped={true}
  size="large"
/>
`;
