// Jest Snapshot v1, https://goo.gl/fbAQLP

exports[`<Buildings /> Should render error and match the snapshot 1`] = `
<ActivityIndicator
  animating={true}
  color="#10978b"
  hidesWhenStopped={true}
  size="large"
/>
`;

exports[`<Buildings /> Should render loading and match the snapshot 1`] = `
<ActivityIndicator
  animating={true}
  color="#10978b"
  hidesWhenStopped={true}
  size="large"
/>
`;
