// Jest Snapshot v1, https://goo.gl/fbAQLP

exports[`<Resources /> Should render error and match the snapshot 1`] = `
<ErrorPopup
  message="Oops, test error"
  title="System Error"
/>
`;

exports[`<Resources /> Should render loading and match the snapshot 1`] = `
<CardView
  style={
    Object {
      "alignItems": "center",
      "flexDirection": "row",
      "justifyContent": "space-around",
    }
  }
>
  <ResourceView
    amount={1578153586}
    buildingIcon={1}
    changeRate={60}
    resourceIcon={1}
  />
  <ResourceView
    amount={1578153704}
    buildingIcon={1}
    changeRate={60}
    resourceIcon={1}
  />
</CardView>
`;

exports[`<Resources /> Should render resources and match the snapshot 1`] = `
<CardView
  style={
    Object {
      "alignItems": "center",
      "flexDirection": "row",
      "justifyContent": "space-around",
    }
  }
>
  <ResourceView
    amount={1578153586}
    buildingIcon={1}
    changeRate={60}
    resourceIcon={1}
  />
  <ResourceView
    amount={1578153704}
    buildingIcon={1}
    changeRate={60}
    resourceIcon={1}
  />
</CardView>
`;
