// Jest Snapshot v1, https://goo.gl/fbAQLP

exports[`<Menu /> Should render menu and match the snapshot 1`] = `
<CardView
  style={
    Object {
      "backgroundColor": "#ffffff",
      "flexDirection": "row",
      "height": 120,
      "paddingVertical": 10,
    }
  }
>
  <MenuItem
    activeComponent=""
    name="Buildings"
    onPress={[Function]}
    src={1}
  />
  <MenuItem
    activeComponent=""
    name="Troops"
    onPress={[Function]}
    src={1}
  />
  <MenuItem
    activeComponent=""
    name="Battle"
    onPress={[Function]}
    src={1}
  />
  <MenuItem
    activeComponent=""
    name="Leaderboard"
    onPress={[Function]}
    src={1}
  />
</CardView>
`;
