// Jest Snapshot v1, https://goo.gl/fbAQLP

exports[`<MenuItem /> Should render menu item and match the snapshot 1`] = `
<View
  accessible={true}
  focusable={true}
  isTVSelectable={true}
  onClick={[Function]}
  onResponderGrant={[Function]}
  onResponderMove={[Function]}
  onResponderRelease={[Function]}
  onResponderTerminate={[Function]}
  onResponderTerminationRequest={[Function]}
  onStartShouldSetResponder={[Function]}
  style={
    Array [
      Object {
        "alignItems": "center",
        "borderRadius": 6,
        "flex": 1,
        "justifyContent": "center",
      },
      Object {
        "backgroundColor": "transparent",
      },
    ]
  }
>
  <View
    style={
      Object {
        "alignItems": "center",
        "flex": 1,
        "justifyContent": "center",
        "paddingVertical": 8,
        "width": "100%",
      }
    }
  >
    <Image
      resizeMode="contain"
      style={
        Object {
          "flex": 1,
        }
      }
    />
    <Text
      numberOfLines={1}
      style={
        Array [
          Object {
            "fontSize": 12,
            "fontWeight": "bold",
            "marginTop": 5,
          },
          Object {
            "color": "#bdbdbd",
          },
        ]
      }
    />
  </View>
</View>
`;
