// Jest Snapshot v1, https://goo.gl/fbAQLP

exports[`<SubmitButton /> Should render submit button and match the snapshot 1`] = `
<View
  accessible={true}
  focusable={true}
  isTVSelectable={true}
  onClick={[Function]}
  onResponderGrant={[Function]}
  onResponderMove={[Function]}
  onResponderRelease={[Function]}
  onResponderTerminate={[Function]}
  onResponderTerminationRequest={[Function]}
  onStartShouldSetResponder={[Function]}
  style={
    Object {
      "alignItems": "center",
      "backgroundColor": "#1976d2",
      "borderRadius": 25,
      "height": 50,
      "justifyContent": "center",
      "width": 50,
    }
  }
>
  <Text />
</View>
`;
